    Updating crates.io index
 Downloading crates ...
  Downloaded anstyle-query v1.1.5
  Downloaded bit-vec v0.8.0
  Downloaded anstyle-parse v1.0.0
  Downloaded anstyle v1.0.14
  Downloaded autocfg v1.5.1
  Downloaded bit-set v0.8.0
  Downloaded anstream v1.0.0
  Downloaded utf8parse v0.2.2
  Downloaded errno v0.3.14
  Downloaded wait-timeout v0.2.1
  Downloaded generic-array v0.14.7
  Downloaded version_check v0.9.5
  Downloaded cfg-if v1.0.4
  Downloaded heck v0.5.0
  Downloaded itoa v1.0.18
  Downloaded equivalent v1.0.2
  Downloaded crypto-common v0.1.7
  Downloaded zstd v0.13.3
  Downloaded zmij v1.0.23
  Downloaded cpufeatures v0.2.17
  Downloaded block-buffer v0.10.4
  Downloaded serde_spanned v0.6.9
  Downloaded rand_chacha v0.3.1
  Downloaded quick-error v1.2.3
  Downloaded plotters-svg v0.3.7
  Downloaded clap_lex v1.1.0
  Downloaded fnv v1.0.7
  Downloaded unarray v0.1.4
  Downloaded zstd-safe v7.2.4
  Downloaded plotters-backend v0.3.7
  Downloaded toml_write v0.1.2
  Downloaded rustc-hash v2.1.3
  Downloaded is_terminal_polyfill v1.70.2
  Downloaded toml_datetime v0.6.11
  Downloaded rand_xorshift v0.4.0
  Downloaded glob v0.3.4
  Downloaded colorchoice v1.0.5
  Downloaded winnow v0.7.15
  Downloaded thiserror-impl v2.0.19
  Downloaded quote v1.0.47
  Downloaded zerocopy v0.8.55
  Downloaded toml v0.8.23
  Downloaded num-traits v0.2.19
  Downloaded find-msvc-tools v0.1.9
  Downloaded clap_derive v4.6.4
  Downloaded clang-sys v1.8.1
  Downloaded thiserror v2.0.19
  Downloaded tempfile v3.27.0
  Downloaded unicode-ident v1.0.24
  Downloaded clap v4.6.4
  Downloaded bitflags v2.13.1
  Downloaded serde_core v1.0.229
  Downloaded getrandom v0.4.3
  Downloaded prettyplease v0.2.37
  Downloaded ryu v1.0.23
  Downloaded proc-macro2 v1.0.107
  Downloaded log v0.4.33
  Downloaded toml_edit v0.22.27
  Downloaded typenum v1.20.1
  Downloaded rand v0.8.7
  Downloaded indexmap v2.14.0
  Downloaded cc v1.3.0
  Downloaded serde v1.0.229
  Downloaded nom v7.1.3
  Downloaded aho-corasick v1.1.4
  Downloaded serde_json v1.0.151
  Downloaded regex v1.13.1
  Downloaded bindgen v0.72.1
  Downloaded proptest v1.11.0
  Downloaded plotters v0.3.7
  Downloaded itertools v0.13.0
  Downloaded hashbrown v0.17.1
  Downloaded clap_builder v4.6.2
  Downloaded syn v3.0.3
  Downloaded syn v2.0.119
  Downloaded minimal-lexical v0.2.1
  Downloaded regex-syntax v0.8.11
  Downloaded rand v0.9.5
  Downloaded memchr v2.8.3
  Downloaded serde_derive v1.0.229
  Downloaded rustix v1.1.4
  Downloaded zstd-sys v2.0.16+zstd.1.5.7
  Downloaded getrandom v0.3.4
  Downloaded shlex v2.0.1
  Downloaded rusty-fork v0.3.1
  Downloaded rand_chacha v0.9.0
  Downloaded once_cell v1.21.4
  Downloaded getrandom v0.2.17
  Downloaded highs v2.4.0
  Downloaded fastrand v2.5.0
  Downloaded either v1.16.0
  Downloaded regex-automata v0.4.16
  Downloaded digest v0.10.7
  Downloaded csv-core v0.1.13
  Downloaded cexpr v0.6.0
  Downloaded strsim v0.11.1
  Downloaded shlex v1.3.0
  Downloaded sha2 v0.10.9
  Downloaded rand_core v0.9.5
  Downloaded rand_core v0.6.4
  Downloaded ppv-lite86 v0.2.21
  Downloaded pkg-config v0.3.33
  Downloaded libloading v0.8.9
  Downloaded libc v0.2.189
  Downloaded jobserver v0.1.35
  Downloaded cmake v0.1.58
  Downloaded csv v1.4.0
  Downloaded linux-raw-sys v0.12.1
  Downloaded highs-sys v1.15.0
   Compiling libc v0.2.189
   Compiling proc-macro2 v1.0.107
   Compiling quote v1.0.47
   Compiling unicode-ident v1.0.24
   Compiling cfg-if v1.0.4
   Compiling find-msvc-tools v0.1.9
   Compiling shlex v2.0.1
   Compiling serde_core v1.0.229
   Compiling glob v0.3.4
   Compiling clang-sys v1.8.1
   Compiling syn v3.0.3
   Compiling jobserver v0.1.35
   Compiling version_check v0.9.5
   Compiling cc v1.3.0
   Compiling prettyplease v0.2.37
   Compiling generic-array v0.14.7
   Compiling regex-syntax v0.8.11
   Compiling memchr v2.8.3
   Compiling minimal-lexical v0.2.1
   Compiling serde v1.0.229
   Compiling zerocopy v0.8.55
   Compiling nom v7.1.3
   Compiling regex-automata v0.4.16
   Compiling libloading v0.8.9
   Compiling syn v2.0.119
   Compiling serde_derive v1.0.229
   Compiling either v1.16.0
   Compiling typenum v1.20.1
   Compiling bindgen v0.72.1
   Compiling pkg-config v0.3.33
   Compiling zstd-sys v2.0.16+zstd.1.5.7
   Compiling itertools v0.13.0
   Compiling regex v1.13.1
   Compiling cexpr v0.6.0
   Compiling shlex v1.3.0
   Compiling log v0.4.33
   Compiling bitflags v2.13.1
   Compiling getrandom v0.3.4
   Compiling rustix v1.1.4
   Compiling autocfg v1.5.1
   Compiling rustc-hash v2.1.3
   Compiling getrandom v0.4.3
   Compiling num-traits v0.2.19
   Compiling cmake v0.1.58
   Compiling thiserror v2.0.19
   Compiling zmij v1.0.23
   Compiling utf8parse v0.2.2
   Compiling ppv-lite86 v0.2.21
   Compiling linux-raw-sys v0.12.1
   Compiling anstyle-parse v1.0.0
   Compiling crypto-common v0.1.7
   Compiling block-buffer v0.10.4
   Compiling thiserror-impl v2.0.19
   Compiling getrandom v0.2.17
   Compiling once_cell v1.21.4
   Compiling hashbrown v0.17.1
   Compiling anstyle-query v1.1.5
   Compiling highs-sys v1.15.0
   Compiling anstyle v1.0.14
   Compiling serde_json v1.0.151
   Compiling zstd-safe v7.2.4
   Compiling itoa v1.0.18
   Compiling fastrand v2.5.0
   Compiling is_terminal_polyfill v1.70.2
   Compiling equivalent v1.0.2
   Compiling colorchoice v1.0.5
   Compiling indexmap v2.14.0
   Compiling tempfile v3.27.0
   Compiling anstream v1.0.0
   Compiling rand_core v0.6.4
   Compiling digest v0.10.7
   Compiling rand_core v0.9.5
   Compiling toml_datetime v0.6.11
   Compiling serde_spanned v0.6.9
   Compiling heck v0.5.0
   Compiling clap_lex v1.1.0
   Compiling toml_write v0.1.2
   Compiling cpufeatures v0.2.17
   Compiling winnow v0.7.15
   Compiling strsim v0.11.1
   Compiling plotters-backend v0.3.7
   Compiling plotters-svg v0.3.7
   Compiling clap_builder v4.6.2
   Compiling toml_edit v0.22.27
   Compiling sha2 v0.10.9
   Compiling clap_derive v4.6.4
   Compiling rand_chacha v0.3.1
   Compiling csv-core v0.1.13
   Compiling ryu v1.0.23
   Compiling csv v1.4.0
   Compiling rand v0.8.7
   Compiling clap v4.6.4
   Compiling qec-code v0.3.0 (/home/runner/work/rust-qec/rust-qec/qec-code)
   Compiling toml v0.8.23
   Compiling plotters v0.3.7
   Compiling wait-timeout v0.2.1
   Compiling bit-vec v0.8.0
   Compiling quick-error v1.2.3
   Compiling fnv v1.0.7
   Compiling rmatching v0.3.0 (/home/runner/work/rust-qec/rust-qec/rmatching)
   Compiling rusty-fork v0.3.1
   Compiling bit-set v0.8.0
   Compiling rand_chacha v0.9.0
   Compiling rand_xorshift v0.4.0
   Compiling rand v0.9.5
   Compiling unarray v0.1.4
   Compiling proptest v1.11.0
   Compiling zstd v0.13.3
   Compiling rstim v0.3.0 (/home/runner/work/rust-qec/rust-qec/rstim)
warning: unused variable: `attempt_count`
    --> rstim/src/sim/frame.rs:1407:17
     |
1407 |             let attempt_count = pairs.len().saturating_mul(self.batch_size);
     |                 ^^^^^^^^^^^^^ help: if this is intentional, prefix it with an underscore: `_attempt_count`
     |
     = note: `#[warn(unused_variables)]` (part of `#[warn(unused)]`) on by default

warning: `rstim` (lib) generated 1 warning (run `cargo fix --lib -p rstim` to apply 1 suggestion)
   Compiling highs v2.4.0
   Compiling qec-ilp-core v0.3.0 (/home/runner/work/rust-qec/rust-qec/qec-ilp-core)
   Compiling renvelope v0.1.0 (/home/runner/work/rust-qec/rust-qec/renvelope)
warning: `rstim` (lib test) generated 1 warning (1 duplicate)
    Finished `release` profile [optimized] target(s) in 2m 47s
     Running unittests src/lib.rs (target/release/deps/rstim-2d1d93be0dc21044)

running 1 test
test near_clifford::compiled::avx2_rotation_bits_tests::fused_avx2_pairs_match_independent_full_vector_gather_bits ... ok

test result: ok. 1 passed; 0 failed; 0 ignored; 0 measured; 339 filtered out; finished in 0.02s

