warning: unused variable: `attempt_count`
    --> rstim/src/sim/frame.rs:1407:17
     |
1407 |             let attempt_count = pairs.len().saturating_mul(self.batch_size);
     |                 ^^^^^^^^^^^^^ help: if this is intentional, prefix it with an underscore: `_attempt_count`
     |
     = note: `#[warn(unused_variables)]` (part of `#[warn(unused)]`) on by default

warning: `rstim` (lib) generated 1 warning (run `cargo fix --lib -p rstim` to apply 1 suggestion)
   Compiling rstim v0.3.0 (/home/runner/work/rust-qec/rust-qec/rstim)
    Finished `release` profile [optimized] target(s) in 1.29s
     Running tests/near_clifford_postselected_counts.rs (target/release/deps/near_clifford_postselected_counts-5a377405b0f0c670)

running 10 tests
test missing_observable_fails_before_consuming_rng_even_for_zero_shots ... ok
test postselected_counts_preserve_noise_projection_feedback_and_rng_across_routes ... ok
test raw_postselection_folds_annotations_without_reference_normalization ... ok
test reconverging_coherent_rows_preserve_mixed_call_counts_records_and_rng ... ok
test rejected_scalar_rows_consume_sparse_noise_and_independent_draws_before_next_call ... ok
test sparse_maximum_observable_index_preserves_counts_and_rng ... ok
test long_noise_spans_preserve_hits_readout_feedback_and_mixed_call_rng ... ok
test affine_counts_preserve_raw_parities_sparse_indices_sweeps_and_mixed_call_rng ... ok
test wide_coherent_rows_preserve_counts_records_and_following_rng ... ok
test packed_rejection_preserves_accepted_fallback_rows_and_following_raw_calls ... ok

test result: ok. 10 passed; 0 failed; 0 ignored; 0 measured; 0 filtered out; finished in 0.28s

